// Jest Snapshot v1, https://goo.gl/fbAQLP

exports[`renders correctly 1`] = `
<MenuItem
  className=""
  hidePicture={false}
  icon="cog"
  iconColor="brand"
  iconGroup="linear"
  image=""
  module=""
  moduleGroup=""
  moduleId=""
  onClick={[Function]}
  pictureBgColor="white"
  pictureHeight={28}
  pictureWidth={28}
  style={Object {}}
  textColor="backdrop-alt"
  title="Settings"
  value="/system/status"
>
  <div
    className=""
    style={Object {}}
  >
    <div
      className="display:flex flex:items-center color:white padding:5 select:none cursor:pointer"
      onClick={[Function]}
    >
      <Thumb
        className=""
        color="white"
        height={28}
        icon="cog"
        iconColor="brand"
        iconGroup="linear"
        image=""
        localImg=""
        offlineEnabled={false}
        width={28}
      >
        <div
          className="display:flex flex:items-center flex:content-center border:rounded color:white"
          style={
            Object {
              "WebkitFlex": "0 0 28px",
              "flex": "0 0 28px",
              "height": "28px",
              "width": "28px",
            }
          }
        >
          <FontIcon
            className="text-color:brand"
            color=""
            group="linear"
            icon="cog"
            size="19.599999999999998px"
            style={Object {}}
          >
            <span
              className="icon-linear:cog text-color:brand"
              style={
                Object {
                  "color": "",
                  "fontSize": "19.599999999999998px",
                }
              }
            />
          </FontIcon>
        </div>
      </Thumb>
      <div
        className="display:flex flex:column flex:content-center margin-l:5 min-w:0 line-h:130p font:roboto-condensed"
      >
        <div
          className="select:text size:16 line-h:120p text:truncate text-color:backdrop-alt"
        >
          Settings
        </div>
      </div>
    </div>
  </div>
</MenuItem>
`;
