// Jest Snapshot v1, https://goo.gl/fbAQLP

exports[`renders correctly 1`] = `
<Dashboard
  onDismiss={[Function]}
>
  <Scroller
    className="padding-b:40"
  >
    <div
      className="padding-b:40"
      onTouchMove={[Function]}
      onTouchStart={[Function]}
      style={
        Object {
          "WebkitOverflowScrolling": "touch",
          "backgroundColor": "transparent",
          "bottom": "0",
          "left": "0",
          "overflowX": "hidden",
          "overflowY": "auto",
          "paddingBottom": "40px",
          "position": "absolute",
          "right": "0",
          "top": "0",
        }
      }
    >
      <Button
        btn="raised action"
        onClick={[Function]}
      >
        <button
          data-btn="raised action"
          onClick={[Function]}
        >
          Done
        </button>
      </Button>
      <div>
        Lorem ipsum dolor sit amet, consectetur adipisicing elit. Itaque, sequi? Consequuntur inventore nulla ratione vitae obcaecati voluptatem animi molestiae ipsam et adipisci illo reiciendis saepe doloremque, quae perspiciatis iure vero.
      </div>
    </div>
  </Scroller>
</Dashboard>
`;
