// Jest Snapshot v1, https://goo.gl/fbAQLP

exports[`renders correctly 1`] = `
<IconBar
  items={
    Immutable.List [
      Object {
        "_id": "1nNKyP6h6pMMjAyTMK",
        "idTag": "smartup",
        "logo": "http://imgur.com/BC6B8Bc.png",
        "title": "Smartup Visuals",
      },
      Object {
        "_id": "2nNKyP6h6pMMjAyTMK",
        "idTag": "aci",
        "logo": "http://imgur.com/N2LoYmv.png",
        "title": "ACI Events",
      },
      Object {
        "_id": "3nNKyP6h6pMMjAyTMK",
        "idTag": "aircraft",
        "logo": "http://imgur.com/abQ9EaG.png",
        "title": "Aircraft Commerce",
      },
      Object {
        "_id": "4nNKyP6h6pMMjAyTMK",
        "idTag": "icc",
        "logo": "http://imgur.com/UmS4Irj.png",
        "title": "ICC Events",
      },
      Object {
        "_id": "5nNKyP6h6pMMjAyTMK",
        "idTag": "smartup",
        "logo": "http://imgur.com/BC6B8Bc.png",
        "title": "Smartup Visuals",
      },
      Object {
        "_id": "6nNKyP6h6pMMjAyTMK",
        "idTag": "aci",
        "logo": "http://imgur.com/N2LoYmv.png",
        "title": "ACI Events",
      },
      Object {
        "_id": "7nNKyP6h6pMMjAyTMK",
        "idTag": "aircraft",
        "logo": "http://imgur.com/abQ9EaG.png",
        "title": "Aircraft Commerce",
      },
      Object {
        "_id": "8nNKyP6h6pMMjAyTMK",
        "idTag": "icc",
        "logo": "http://imgur.com/UmS4Irj.png",
        "title": "ICC Events",
      },
      Object {
        "_id": "9nNKyP6h6pMMjAyTMK",
        "idTag": "smartup",
        "logo": "http://imgur.com/BC6B8Bc.png",
        "title": "Smartup Visuals",
      },
      Object {
        "_id": "10nNKyP6h6pMMjAyTMK",
        "idTag": "aci",
        "logo": "http://imgur.com/N2LoYmv.png",
        "title": "ACI Events",
      },
      Object {
        "_id": "11nNKyP6h6pMMjAyTMK",
        "idTag": "aircraft",
        "logo": "http://imgur.com/abQ9EaG.png",
        "title": "Aircraft Commerce",
      },
      Object {
        "_id": "12nNKyP6h6pMMjAyTMK",
        "idTag": "icc",
        "logo": "http://imgur.com/UmS4Irj.png",
        "title": "ICC Events",
      },
    ]
  }
  onUpdate={[Function]}
  value="3nNKyP6h6pMMjAyTMK"
>
  <Styled(Scroller)>
    <Scroller
      className="kGJzbR"
    >
      <div
        className="kGJzbR"
        onTouchMove={[Function]}
        onTouchStart={[Function]}
        style={
          Object {
            "WebkitOverflowScrolling": "touch",
            "backgroundColor": "transparent",
            "bottom": "0",
            "left": "0",
            "overflowX": "hidden",
            "overflowY": "auto",
            "paddingBottom": "40px",
            "position": "absolute",
            "right": "0",
            "top": "0",
          }
        }
      >
        <styled.div
          onClick={[Function]}
        >
          <div
            className="jtcEbk"
            onClick={[Function]}
          >
            <Thumb
              height={35}
              image="http://imgur.com/BC6B8Bc.png"
              width={35}
            >
              <div
                className="display:flex flex:items-center flex:content-center border:rounded color:transparent"
                style={
                  Object {
                    "WebkitFlex": "0 0 35px",
                    "flex": "0 0 35px",
                    "height": "35px",
                    "width": "35px",
                  }
                }
              >
                <img
                  className="w:100p border:rounded"
                  src="http://imgur.com/BC6B8Bc.png"
                />
              </div>
            </Thumb>
          </div>
        </styled.div>
        <styled.div
          onClick={[Function]}
        >
          <div
            className="jtcEbk"
            onClick={[Function]}
          >
            <Thumb
              height={35}
              image="http://imgur.com/N2LoYmv.png"
              width={35}
            >
              <div
                className="display:flex flex:items-center flex:content-center border:rounded color:transparent"
                style={
                  Object {
                    "WebkitFlex": "0 0 35px",
                    "flex": "0 0 35px",
                    "height": "35px",
                    "width": "35px",
                  }
                }
              >
                <img
                  className="w:100p border:rounded"
                  src="http://imgur.com/N2LoYmv.png"
                />
              </div>
            </Thumb>
          </div>
        </styled.div>
        <styled.div
          onClick={[Function]}
        >
          <div
            className="jtcEbk"
            onClick={[Function]}
          >
            <SelectIndicator
              className="color:neutral-faded"
            >
              <styled.div
                className="color:neutral-faded"
              >
                <div
                  className="color:neutral-faded iscjpC"
                />
              </styled.div>
            </SelectIndicator>
            <Thumb
              height={35}
              image="http://imgur.com/abQ9EaG.png"
              width={35}
            >
              <div
                className="display:flex flex:items-center flex:content-center border:rounded color:transparent"
                style={
                  Object {
                    "WebkitFlex": "0 0 35px",
                    "flex": "0 0 35px",
                    "height": "35px",
                    "width": "35px",
                  }
                }
              >
                <img
                  className="w:100p border:rounded"
                  src="http://imgur.com/abQ9EaG.png"
                />
              </div>
            </Thumb>
          </div>
        </styled.div>
        <styled.div
          onClick={[Function]}
        >
          <div
            className="jtcEbk"
            onClick={[Function]}
          >
            <Thumb
              height={35}
              image="http://imgur.com/UmS4Irj.png"
              width={35}
            >
              <div
                className="display:flex flex:items-center flex:content-center border:rounded color:transparent"
                style={
                  Object {
                    "WebkitFlex": "0 0 35px",
                    "flex": "0 0 35px",
                    "height": "35px",
                    "width": "35px",
                  }
                }
              >
                <img
                  className="w:100p border:rounded"
                  src="http://imgur.com/UmS4Irj.png"
                />
              </div>
            </Thumb>
          </div>
        </styled.div>
        <styled.div
          onClick={[Function]}
        >
          <div
            className="jtcEbk"
            onClick={[Function]}
          >
            <Thumb
              height={35}
              image="http://imgur.com/BC6B8Bc.png"
              width={35}
            >
              <div
                className="display:flex flex:items-center flex:content-center border:rounded color:transparent"
                style={
                  Object {
                    "WebkitFlex": "0 0 35px",
                    "flex": "0 0 35px",
                    "height": "35px",
                    "width": "35px",
                  }
                }
              >
                <img
                  className="w:100p border:rounded"
                  src="http://imgur.com/BC6B8Bc.png"
                />
              </div>
            </Thumb>
          </div>
        </styled.div>
        <styled.div
          onClick={[Function]}
        >
          <div
            className="jtcEbk"
            onClick={[Function]}
          >
            <Thumb
              height={35}
              image="http://imgur.com/N2LoYmv.png"
              width={35}
            >
              <div
                className="display:flex flex:items-center flex:content-center border:rounded color:transparent"
                style={
                  Object {
                    "WebkitFlex": "0 0 35px",
                    "flex": "0 0 35px",
                    "height": "35px",
                    "width": "35px",
                  }
                }
              >
                <img
                  className="w:100p border:rounded"
                  src="http://imgur.com/N2LoYmv.png"
                />
              </div>
            </Thumb>
          </div>
        </styled.div>
        <styled.div
          onClick={[Function]}
        >
          <div
            className="jtcEbk"
            onClick={[Function]}
          >
            <Thumb
              height={35}
              image="http://imgur.com/abQ9EaG.png"
              width={35}
            >
              <div
                className="display:flex flex:items-center flex:content-center border:rounded color:transparent"
                style={
                  Object {
                    "WebkitFlex": "0 0 35px",
                    "flex": "0 0 35px",
                    "height": "35px",
                    "width": "35px",
                  }
                }
              >
                <img
                  className="w:100p border:rounded"
                  src="http://imgur.com/abQ9EaG.png"
                />
              </div>
            </Thumb>
          </div>
        </styled.div>
        <styled.div
          onClick={[Function]}
        >
          <div
            className="jtcEbk"
            onClick={[Function]}
          >
            <Thumb
              height={35}
              image="http://imgur.com/UmS4Irj.png"
              width={35}
            >
              <div
                className="display:flex flex:items-center flex:content-center border:rounded color:transparent"
                style={
                  Object {
                    "WebkitFlex": "0 0 35px",
                    "flex": "0 0 35px",
                    "height": "35px",
                    "width": "35px",
                  }
                }
              >
                <img
                  className="w:100p border:rounded"
                  src="http://imgur.com/UmS4Irj.png"
                />
              </div>
            </Thumb>
          </div>
        </styled.div>
        <styled.div
          onClick={[Function]}
        >
          <div
            className="jtcEbk"
            onClick={[Function]}
          >
            <Thumb
              height={35}
              image="http://imgur.com/BC6B8Bc.png"
              width={35}
            >
              <div
                className="display:flex flex:items-center flex:content-center border:rounded color:transparent"
                style={
                  Object {
                    "WebkitFlex": "0 0 35px",
                    "flex": "0 0 35px",
                    "height": "35px",
                    "width": "35px",
                  }
                }
              >
                <img
                  className="w:100p border:rounded"
                  src="http://imgur.com/BC6B8Bc.png"
                />
              </div>
            </Thumb>
          </div>
        </styled.div>
        <styled.div
          onClick={[Function]}
        >
          <div
            className="jtcEbk"
            onClick={[Function]}
          >
            <Thumb
              height={35}
              image="http://imgur.com/N2LoYmv.png"
              width={35}
            >
              <div
                className="display:flex flex:items-center flex:content-center border:rounded color:transparent"
                style={
                  Object {
                    "WebkitFlex": "0 0 35px",
                    "flex": "0 0 35px",
                    "height": "35px",
                    "width": "35px",
                  }
                }
              >
                <img
                  className="w:100p border:rounded"
                  src="http://imgur.com/N2LoYmv.png"
                />
              </div>
            </Thumb>
          </div>
        </styled.div>
        <styled.div
          onClick={[Function]}
        >
          <div
            className="jtcEbk"
            onClick={[Function]}
          >
            <Thumb
              height={35}
              image="http://imgur.com/abQ9EaG.png"
              width={35}
            >
              <div
                className="display:flex flex:items-center flex:content-center border:rounded color:transparent"
                style={
                  Object {
                    "WebkitFlex": "0 0 35px",
                    "flex": "0 0 35px",
                    "height": "35px",
                    "width": "35px",
                  }
                }
              >
                <img
                  className="w:100p border:rounded"
                  src="http://imgur.com/abQ9EaG.png"
                />
              </div>
            </Thumb>
          </div>
        </styled.div>
        <styled.div
          onClick={[Function]}
        >
          <div
            className="jtcEbk"
            onClick={[Function]}
          >
            <Thumb
              height={35}
              image="http://imgur.com/UmS4Irj.png"
              width={35}
            >
              <div
                className="display:flex flex:items-center flex:content-center border:rounded color:transparent"
                style={
                  Object {
                    "WebkitFlex": "0 0 35px",
                    "flex": "0 0 35px",
                    "height": "35px",
                    "width": "35px",
                  }
                }
              >
                <img
                  className="w:100p border:rounded"
                  src="http://imgur.com/UmS4Irj.png"
                />
              </div>
            </Thumb>
          </div>
        </styled.div>
      </div>
    </Scroller>
  </Styled(Scroller)>
</IconBar>
`;
