// Jest Snapshot v1, https://goo.gl/fbAQLP

exports[`renders correctly 1`] = `
<SearchBar
  className=""
  onChange={[Function]}
  placeholder="Search this..."
  style={Object {}}
  value=""
>
  <Styled(Component)
    className=""
    onChange={[Function]}
    placeholder="Search this..."
    style={Object {}}
    throttle={100}
    value=""
  >
    <Component
      caseSensitive={false}
      className="sc-bdVaJa yRqTq"
      fuzzy={false}
      onChange={[Function]}
      placeholder="Search this..."
      style={Object {}}
      throttle={100}
      value=""
    >
      <div
        className="sc-bdVaJa yRqTq"
      >
        <input
          onChange={[Function]}
          placeholder="Search this..."
          style={Object {}}
          type="search"
          value=""
        />
      </div>
    </Component>
  </Styled(Component)>
</SearchBar>
`;
