exports[`test renders correctly 1`] = `
<HeaderDesktop
  image="http://imgur.com/abQ9EaG.png"
  onHomeClick={[Function]}
  onSwitchClick={[Function]}
  onUserClick={[Function]}
  title="Some title">
  <div
    className="pos:absolute-0 display:flex padding-x:7">
    <div
      className="flex:2 display:flex flex:items-center flex:content-start">
      <Button
        btn="large raised brand"
        className="margin-r:10"
        onClick={[Function]}>
        <button
          className="margin-r:10"
          data-btn="large raised brand"
          onClick={[Function]}>
          <Icon
            icon="cactus">
            <span
              className="icon-cactus"
              style={
                Object {
                  "color": undefined,
                  "fontSize": undefined,
                }
              } />
          </Icon>
        </button>
      </Button>
    </div>
    <div
      className="flex:1 display:flex flex:items-center flex:content-end">
      <Button
        btn="transparent large white"
        onClick={[Function]}>
        <button
          data-btn="transparent large white"
          onClick={[Function]}>
          <Icon
            icon="user">
            <span
              className="icon-user"
              style={
                Object {
                  "color": undefined,
                  "fontSize": undefined,
                }
              } />
          </Icon>
        </button>
      </Button>
    </div>
  </div>
</HeaderDesktop>
`;
