// Jest Snapshot v1, https://goo.gl/fbAQLP

exports[`renders correctly 1`] = `
<SelectIndicator
  className=""
  style={Object {}}
>
  <styled.div
    className=""
    style={Object {}}
  >
    <div
      className="sc-bdVaJa gDTDPc"
      style={Object {}}
    />
  </styled.div>
</SelectIndicator>
`;
