// Jest Snapshot v1, https://goo.gl/fbAQLP

exports[`renders correctly 1`] = `
<UserMenu
  onDismiss={[Function]}
>
  <div
    className="padding-b:40"
  >
    <Button
      btn="raised action"
      className=""
      onClick={[Function]}
      style={Object {}}
    >
      <button
        className=""
        data-btn="raised action"
        onClick={[Function]}
        style={Object {}}
      >
        Done
      </button>
    </Button>
    <div>
      USER Lorem ipsum dolor sit amet, consectetur adipisicing elit. Itaque, sequi? Consequuntur inventore nulla ratione vitae obcaecati voluptatem animi molestiae ipsam et adipisci illo reiciendis saepe doloremque, quae perspiciatis iure vero.
    </div>
  </div>
</UserMenu>
`;
