// Jest Snapshot v1, https://goo.gl/fbAQLP

exports[`renders correctly 1`] = `
<HeaderButton
  className=""
  label="Add"
  onClick={[Function]}
  style={Object {}}
>
  <Button
    btn="header-button small raised"
    className=""
    onClick={[Function]}
    style={
      Object {
        "flex": "0 0 auto",
      }
    }
  >
    <button
      className=""
      data-btn="header-button small raised"
      onClick={[Function]}
      style={
        Object {
          "flex": "0 0 auto",
        }
      }
    >
      Add
    </button>
  </Button>
</HeaderButton>
`;
