exports[`test renders correctly 1`] = `
<FormWrapper
  dirty={false}
  handleSubmit={[Function]}
  pristine={true}
  promptWidget={[Function]}
  reset={[Function]}
  submitSucceeded={false}
  submitting={false}>
  <div
    className="pos:absolute-0 overflow:hidden h:100p">
    <div>
      PromptWidget
    </div>
    <form
      onSubmit={[Function]}>
      <div
        className="display:flex flex:items-center padding-x:7 flex:content-between border-color:neutral-faded border:bottom border:2"
        style={
          Object {
            "height": "44px",
          }
        }>
        <Button
          btn="action small"
          disabled={true}
          type="submit">
          <button
            data-btn="action small"
            disabled={true}
            type="submit">
            Save
          </button>
        </Button>
        <Button
          btn="neutral-dim small"
          disabled={true}
          onClick={[Function]}
          type="button">
          <button
            data-btn="neutral-dim small"
            disabled={true}
            onClick={[Function]}
            type="button">
            Reset
          </button>
        </Button>
      </div>
      <Scroller
        className="padding-x:20"
        style={
          Object {
            "top": "44px",
          }
        }>
        <div
          className="padding-x:20"
          onTouchMove={[Function]}
          onTouchStart={[Function]}
          style={
            Object {
              "WebkitOverflowScrolling": "touch",
              "backgroundColor": "transparent",
              "bottom": "0",
              "left": "0",
              "overflowX": "hidden",
              "overflowY": "auto",
              "paddingBottom": "40px",
              "position": "absolute",
              "right": "0",
              "top": "44px",
            }
          }>
          <div>
            Children
          </div>
        </div>
      </Scroller>
    </form>
  </div>
</FormWrapper>
`;
