// Jest Snapshot v1, https://goo.gl/fbAQLP

exports[`renders correctly 1`] = `
<ListItem
  _id="1nNKyP6h6pMMjAyTMK"
  className=""
  hidePicture={false}
  icon="user"
  iconColor=""
  iconGroup=""
  image=""
  onClick={[Function]}
  pictureBgColor=""
  pictureHeight={60}
  pictureWidth={60}
  style={Object {}}
  subtitle1="Ox2 Limited"
  subtitle2="Marketing Manager"
  title="Jane Sanders"
  widget={[Function]}
  widgetBottom={[Function]}
>
  <div
    className="border:bottom border:2 border-color:neutral-faded"
    style={Object {}}
  >
    <div
      className="font:roboto-condensed display:flex flex:items-center color:white padding:10 select:none cursor:pointer"
      onClick={[Function]}
    >
      <Thumb
        className=""
        color=""
        height={60}
        icon="user"
        iconColor=""
        iconGroup=""
        image=""
        localImg=""
        offlineEnabled={false}
        width={60}
      >
        <div
          className="display:flex flex:items-center flex:content-center border:rounded color:"
          style={
            Object {
              "WebkitFlex": "0 0 60px",
              "flex": "0 0 60px",
              "height": "60px",
              "width": "60px",
            }
          }
        >
          <FontIcon
            className="text-color:"
            color=""
            group=""
            icon="user"
            size="42px"
            style={Object {}}
          >
            <span
              className="icon-:user text-color:"
              style={
                Object {
                  "color": "",
                  "fontSize": "42px",
                }
              }
            />
          </FontIcon>
        </div>
      </Thumb>
      <div
        className="display:flex flex:column flex:content-center margin-l:10 min-w:0 line-h:130p"
      >
        <div
          className="select:text size:18 line-h:120p text:truncate text-color:brand"
        >
          Jane Sanders
        </div>
        <div
          className="select:text size:16 line-h:115p text:truncate text-color:neutral-dim"
        >
          Ox2 Limited
        </div>
        <div
          className="select:text size:16 line-h:115p text:truncate text-color:neutral-dim"
        >
          Marketing Manager
        </div>
      </div>
      <div
        className="margin-l:auto flex:0-auto"
      />
    </div>
    <div />
  </div>
</ListItem>
`;
